// Jest Snapshot v1, https://goo.gl/fbAQLP

exports[`DetailsMainInfo renders correctly 1`] = `
<View
  style={
    Object {
      "alignItems": "center",
    }
  }
>
  <Text
    style={
      Object {
        "color": "white",
        "fontSize": 24,
        "fontWeight": "700",
        "marginBottom": 8,
        "marginTop": 16,
      }
    }
  >
    Test
  </Text>
  <Text
    style={
      Object {
        "color": "#6d6f7e",
        "marginBottom": 8,
        "textAlign": "center",
      }
    }
    testID="testDetailsMainInfo_subtitle"
  >
    SubTitle Test
  </Text>
  <Text
    style={
      Object {
        "color": "#6d6f7e",
        "marginBottom": 8,
        "textAlign": "center",
      }
    }
    testID="testDetailsMainInfo_metaInfo"
  >
    MetaInfo Test
  </Text>
  <View
    style={
      Object {
        "alignItems": "center",
        "flexDirection": "row",
      }
    }
  >
    <Text />
    <Text
      style={
        Object {
          "color": "#c6c7d2",
          "fontSize": 16,
          "fontWeight": "700",
          "marginLeft": 8,
        }
      }
      testID="testDetailsMainInfo_rating"
    >
      10
    </Text>
  </View>
</View>
`;
