// Jest Snapshot v1, https://goo.gl/fbAQLP

exports[`SearchBar renders correctly 1`] = `
<View
  style={
    Object {
      "alignItems": "center",
      "alignSelf": "stretch",
      "flexDirection": "row",
      "justifyContent": "center",
    }
  }
  testID="testSearchBar"
>
  <View
    style={
      Object {
        "flex": 1,
        "marginRight": 12,
      }
    }
  >
    <View
      style={
        Object {
          "alignItems": "center",
          "backgroundColor": "#121322",
          "borderColor": "#0c0d18",
          "borderRadius": 20,
          "borderWidth": 1,
          "flexDirection": "row",
          "height": 60,
          "padding": 12,
        }
      }
      testID="testSearchBar_searchInput"
    >
      <Text />
      <TextInput
        allowFontScaling={true}
        onChangeText={[Function]}
        placeholder="Test Placeholder"
        placeholderTextColor="#6d6f7e"
        rejectResponderTermination={true}
        style={
          Object {
            "color": "white",
            "marginLeft": 12,
          }
        }
        testID="testSearchBar_searchInput_textInput"
        underlineColorAndroid="transparent"
        value="Test Search"
      />
    </View>
  </View>
  <View
    accessible={true}
    focusable={true}
    onClick={[Function]}
    onResponderGrant={[Function]}
    onResponderMove={[Function]}
    onResponderRelease={[Function]}
    onResponderTerminate={[Function]}
    onResponderTerminationRequest={[Function]}
    onStartShouldSetResponder={[Function]}
    style={
      Object {
        "alignItems": "center",
        "borderRadius": 14,
        "height": 48,
        "justifyContent": "center",
        "opacity": 1,
        "paddingHorizontal": 16,
        "paddingVertical": 12,
      }
    }
    testID="testSearchBar_button"
  >
    <Text
      style={
        Object {
          "color": "#c6c7d2",
          "fontSize": 14,
          "textAlign": "center",
        }
      }
    >
      Search
    </Text>
  </View>
</View>
`;
